npm warn deprecated are-we-there-yet@3.0.1: This package is no longer supported.
npm warn deprecated npmlog@6.0.2: This package is no longer supported.
npm warn deprecated gauge@4.0.4: This package is no longer supported.
npm warn deprecated tar@6.2.1: Old versions of tar are not supported, and contain widely publicized security vulnerabilities, which have been fixed in the current version. Please update. Support for old versions may be purchased (at exorbitant rates) by contacting i@izs.me
npm warn deprecated node-domexception@1.0.0: Use your platform's native DOMException instead
npm warn deprecated @mariozechner/pi-agent-core@0.51.1: please use @earendil-works/pi-agent-core instead going forward
npm warn deprecated glob@11.1.0: Old versions of glob are not supported, and contain widely publicized security vulnerabilities, which have been fixed in the current version. Please update. Support for old versions may be purchased (at exorbitant rates) by contacting i@izs.me
npm warn deprecated @mariozechner/pi-tui@0.51.1: please use @earendil-works/pi-tui instead going forward
npm warn deprecated tar@7.5.7: Old versions of tar are not supported, and contain widely publicized security vulnerabilities, which have been fixed in the current version. Please update. Support for old versions may be purchased (at exorbitant rates) by contacting i@izs.me
npm warn deprecated @mariozechner/pi-ai@0.51.1: please use @earendil-works/pi-ai instead going forward
npm warn deprecated @whiskeysockets/baileys@7.0.0-rc.9: This version is affected by a zero-day vulnerability that allows spoofing of messages, please update to
npm warn deprecated   the latest versions (6.7.22^ or 7.0.0-rc12^)! For more information, check out the public advisory at
npm warn deprecated   https://github.com/WhiskeySockets/Baileys/security/advisories/GHSA-qvv5-jq5g-4cgg
npm warn deprecated @mariozechner/pi-coding-agent@0.51.1: please use @earendil-works/pi-coding-agent instead going forward
added 638 packages in 37s
131 packages are looking for funding
  run `npm fund` for details
npm notice
npm notice New major version of npm available! 10.9.2 -> 12.0.2
npm notice Changelog: https://github.com/npm/cli/releases/tag/v12.0.2
npm notice To update run: npm install -g npm@12.0.2
npm notice
